<?xml version="1.0" encoding="UTF-8"?>
<testsuites name="jest tests" tests="1" failures="0" time="24.718">
  <testsuite name="src/App.test.js" errors="0" failures="0" skipped="0" timestamp="2020-05-12T00:20:28" time="20.909" tests="1">
    <testcase classname=" renders without crashing" name=" renders without crashing" time="0.005">
    </testcase>
  </testsuite>
</testsuites>